
===========================================================================
 report_check_types -max_slew -max_cap -max_fanout -violators
============================================================================
max slew

Pin                                    Limit    Slew   Slack
------------------------------------------------------------
ANTENNA__3854__A/DIODE                  1.50    1.66   -0.16 (VIOLATED)
ANTENNA__3738__A1/DIODE                 1.50    1.66   -0.16 (VIOLATED)
_3854_/A                                1.50    1.66   -0.16 (VIOLATED)
_3738_/A1                               1.50    1.66   -0.16 (VIOLATED)
input74/X                               1.51    1.66   -0.15 (VIOLATED)
ANTENNA__3804__A/DIODE                  1.50    1.62   -0.12 (VIOLATED)
_3804_/A                                1.50    1.61   -0.11 (VIOLATED)
input64/X                               1.51    1.61   -0.11 (VIOLATED)
ANTENNA__3802__A/DIODE                  1.50    1.59   -0.09 (VIOLATED)
_3802_/A                                1.50    1.59   -0.09 (VIOLATED)
input65/X                               1.51    1.59   -0.08 (VIOLATED)
ANTENNA__3845__A1/DIODE                 1.50    1.53   -0.03 (VIOLATED)
_3845_/A1                               1.50    1.53   -0.03 (VIOLATED)
ANTENNA__3791__A/DIODE                  1.50    1.53   -0.03 (VIOLATED)
_3791_/A                                1.50    1.53   -0.03 (VIOLATED)
input34/X                               1.51    1.53   -0.03 (VIOLATED)
input39/X                               1.51    1.53   -0.03 (VIOLATED)
ANTENNA__4802__A/DIODE                  1.50    1.51   -0.01 (VIOLATED)
_4802_/A                                1.50    1.51   -0.01 (VIOLATED)
input3/X                                1.51    1.51   -0.01 (VIOLATED)
ANTENNA__3794__A/DIODE                  1.50    1.51   -0.01 (VIOLATED)
_3794_/A                                1.50    1.51   -0.01 (VIOLATED)

max fanout

Pin                                   Limit Fanout  Slack
---------------------------------------------------------
clkbuf_leaf_81_wb_clk_i/X                10     48    -38 (VIOLATED)
clkbuf_leaf_64_wb_clk_i/X                10     46    -36 (VIOLATED)
clkbuf_leaf_72_wb_clk_i/X                10     46    -36 (VIOLATED)
clkbuf_leaf_90_wb_clk_i/X                10     46    -36 (VIOLATED)
clkbuf_leaf_69_wb_clk_i/X                10     42    -32 (VIOLATED)
clkbuf_leaf_78_wb_clk_i/X                10     42    -32 (VIOLATED)
clkbuf_leaf_45_wb_clk_i/X                10     34    -24 (VIOLATED)
clkbuf_leaf_47_wb_clk_i/X                10     34    -24 (VIOLATED)
clkbuf_leaf_70_wb_clk_i/X                10     30    -20 (VIOLATED)
clkbuf_3_0_0_wb_clk_i/X                  10     26    -16 (VIOLATED)
clkbuf_3_1_0_wb_clk_i/X                  10     26    -16 (VIOLATED)
clkbuf_3_3_0_wb_clk_i/X                  10     26    -16 (VIOLATED)
clkbuf_3_4_0_wb_clk_i/X                  10     26    -16 (VIOLATED)
clkbuf_leaf_11_wb_clk_i/X                10     25    -15 (VIOLATED)
clkbuf_leaf_17_wb_clk_i/X                10     23    -13 (VIOLATED)
clkbuf_3_2_0_wb_clk_i/X                  10     22    -12 (VIOLATED)
_3731_/X                                 10     20    -10 (VIOLATED)
_3732_/X                                 10     20    -10 (VIOLATED)
_3816_/X                                 10     20    -10 (VIOLATED)
_3826_/X                                 10     20    -10 (VIOLATED)
_3838_/X                                 10     20    -10 (VIOLATED)
_3918_/X                                 10     20    -10 (VIOLATED)
_3919_/X                                 10     20    -10 (VIOLATED)
_3920_/Y                                 10     20    -10 (VIOLATED)
_3922_/X                                 10     20    -10 (VIOLATED)
_3924_/X                                 10     20    -10 (VIOLATED)
_3926_/X                                 10     20    -10 (VIOLATED)
_3930_/X                                 10     20    -10 (VIOLATED)
_3932_/X                                 10     20    -10 (VIOLATED)
_3934_/X                                 10     20    -10 (VIOLATED)
_3936_/X                                 10     20    -10 (VIOLATED)
_4058_/X                                 10     20    -10 (VIOLATED)
_4059_/X                                 10     20    -10 (VIOLATED)
_4069_/Y                                 10     20    -10 (VIOLATED)
_4132_/X                                 10     20    -10 (VIOLATED)
_4161_/X                                 10     20    -10 (VIOLATED)
_4164_/X                                 10     20    -10 (VIOLATED)
_4252_/X                                 10     20    -10 (VIOLATED)
_4253_/X                                 10     20    -10 (VIOLATED)
_4267_/X                                 10     20    -10 (VIOLATED)
_4268_/X                                 10     20    -10 (VIOLATED)
_4269_/X                                 10     20    -10 (VIOLATED)
_4270_/X                                 10     20    -10 (VIOLATED)
_4271_/X                                 10     20    -10 (VIOLATED)
_4272_/X                                 10     20    -10 (VIOLATED)
_4273_/X                                 10     20    -10 (VIOLATED)
_4274_/X                                 10     20    -10 (VIOLATED)
_4275_/X                                 10     20    -10 (VIOLATED)
_4277_/X                                 10     20    -10 (VIOLATED)
_4278_/X                                 10     20    -10 (VIOLATED)
_4279_/X                                 10     20    -10 (VIOLATED)
_4280_/X                                 10     20    -10 (VIOLATED)
_4287_/X                                 10     20    -10 (VIOLATED)
_4316_/X                                 10     20    -10 (VIOLATED)
_4317_/X                                 10     20    -10 (VIOLATED)
_4318_/X                                 10     20    -10 (VIOLATED)
_4319_/X                                 10     20    -10 (VIOLATED)
_4320_/X                                 10     20    -10 (VIOLATED)
_4323_/X                                 10     20    -10 (VIOLATED)
_4324_/X                                 10     20    -10 (VIOLATED)
_4327_/X                                 10     20    -10 (VIOLATED)
_4332_/X                                 10     20    -10 (VIOLATED)
_4337_/X                                 10     20    -10 (VIOLATED)
_4338_/X                                 10     20    -10 (VIOLATED)
_4353_/X                                 10     20    -10 (VIOLATED)
_4381_/X                                 10     20    -10 (VIOLATED)
_4382_/X                                 10     20    -10 (VIOLATED)
_4383_/X                                 10     20    -10 (VIOLATED)
_4393_/X                                 10     20    -10 (VIOLATED)
_4394_/X                                 10     20    -10 (VIOLATED)
_4395_/X                                 10     20    -10 (VIOLATED)
_4397_/X                                 10     20    -10 (VIOLATED)
_4427_/X                                 10     20    -10 (VIOLATED)
_4530_/X                                 10     20    -10 (VIOLATED)
_4670_/X                                 10     20    -10 (VIOLATED)
_4803_/X                                 10     20    -10 (VIOLATED)
_4804_/X                                 10     20    -10 (VIOLATED)
_4815_/X                                 10     20    -10 (VIOLATED)
_4826_/X                                 10     20    -10 (VIOLATED)
_4837_/X                                 10     20    -10 (VIOLATED)
_4933_/X                                 10     20    -10 (VIOLATED)
_5006_/X                                 10     20    -10 (VIOLATED)
_5007_/X                                 10     20    -10 (VIOLATED)
_5299_/X                                 10     20    -10 (VIOLATED)
_5326_/X                                 10     20    -10 (VIOLATED)
_5331_/X                                 10     20    -10 (VIOLATED)
_5363_/X                                 10     20    -10 (VIOLATED)
_5390_/X                                 10     20    -10 (VIOLATED)
_5395_/X                                 10     20    -10 (VIOLATED)
_5414_/X                                 10     20    -10 (VIOLATED)
_5430_/X                                 10     20    -10 (VIOLATED)
_5467_/X                                 10     20    -10 (VIOLATED)
_5488_/X                                 10     20    -10 (VIOLATED)
_5509_/X                                 10     20    -10 (VIOLATED)
_5530_/X                                 10     20    -10 (VIOLATED)
_5551_/X                                 10     20    -10 (VIOLATED)
_5578_/X                                 10     20    -10 (VIOLATED)
_5599_/X                                 10     20    -10 (VIOLATED)
_5620_/X                                 10     20    -10 (VIOLATED)
_5641_/X                                 10     20    -10 (VIOLATED)
_5662_/X                                 10     20    -10 (VIOLATED)
_5690_/X                                 10     20    -10 (VIOLATED)
_5711_/X                                 10     20    -10 (VIOLATED)
_5732_/X                                 10     20    -10 (VIOLATED)
_5753_/X                                 10     20    -10 (VIOLATED)
_5774_/X                                 10     20    -10 (VIOLATED)
_5801_/X                                 10     20    -10 (VIOLATED)
_5822_/X                                 10     20    -10 (VIOLATED)
_5843_/X                                 10     20    -10 (VIOLATED)
_5864_/X                                 10     20    -10 (VIOLATED)
_5885_/X                                 10     20    -10 (VIOLATED)
_5912_/X                                 10     20    -10 (VIOLATED)
_5933_/X                                 10     20    -10 (VIOLATED)
_5954_/X                                 10     20    -10 (VIOLATED)
_5975_/X                                 10     20    -10 (VIOLATED)
_5996_/X                                 10     20    -10 (VIOLATED)
_6022_/X                                 10     20    -10 (VIOLATED)
_6043_/X                                 10     20    -10 (VIOLATED)
_6064_/X                                 10     20    -10 (VIOLATED)
_6085_/X                                 10     20    -10 (VIOLATED)
_6106_/X                                 10     20    -10 (VIOLATED)
_6173_/X                                 10     20    -10 (VIOLATED)
_6194_/X                                 10     20    -10 (VIOLATED)
_6215_/X                                 10     20    -10 (VIOLATED)
_6236_/X                                 10     20    -10 (VIOLATED)
_6257_/X                                 10     20    -10 (VIOLATED)
_6426_/X                                 10     20    -10 (VIOLATED)
_6427_/X                                 10     20    -10 (VIOLATED)
_6679_/X                                 10     20    -10 (VIOLATED)
_6682_/X                                 10     20    -10 (VIOLATED)
_6685_/X                                 10     20    -10 (VIOLATED)
_6692_/X                                 10     20    -10 (VIOLATED)
_6696_/X                                 10     20    -10 (VIOLATED)
_6698_/X                                 10     20    -10 (VIOLATED)
_6699_/X                                 10     20    -10 (VIOLATED)
_6702_/X                                 10     20    -10 (VIOLATED)
_6704_/X                                 10     20    -10 (VIOLATED)
_6705_/X                                 10     20    -10 (VIOLATED)
_6709_/X                                 10     20    -10 (VIOLATED)
_6712_/X                                 10     20    -10 (VIOLATED)
_6714_/X                                 10     20    -10 (VIOLATED)
_6715_/X                                 10     20    -10 (VIOLATED)
_6717_/X                                 10     20    -10 (VIOLATED)
_6718_/X                                 10     20    -10 (VIOLATED)
_6722_/X                                 10     20    -10 (VIOLATED)
_6725_/X                                 10     20    -10 (VIOLATED)
_6728_/X                                 10     20    -10 (VIOLATED)
_6729_/X                                 10     20    -10 (VIOLATED)
_6732_/X                                 10     20    -10 (VIOLATED)
_6738_/X                                 10     20    -10 (VIOLATED)
_6739_/X                                 10     20    -10 (VIOLATED)
_6744_/X                                 10     20    -10 (VIOLATED)
_6747_/X                                 10     20    -10 (VIOLATED)
_6748_/X                                 10     20    -10 (VIOLATED)
_6760_/X                                 10     20    -10 (VIOLATED)
_6765_/X                                 10     20    -10 (VIOLATED)
_6776_/X                                 10     20    -10 (VIOLATED)
_6783_/X                                 10     20    -10 (VIOLATED)
_6786_/X                                 10     20    -10 (VIOLATED)
_6798_/X                                 10     20    -10 (VIOLATED)
_6831_/X                                 10     20    -10 (VIOLATED)
_6836_/X                                 10     20    -10 (VIOLATED)
_6838_/X                                 10     20    -10 (VIOLATED)
_6853_/X                                 10     20    -10 (VIOLATED)
_6854_/X                                 10     20    -10 (VIOLATED)
_6856_/X                                 10     20    -10 (VIOLATED)
_6900_/X                                 10     20    -10 (VIOLATED)
_6902_/X                                 10     20    -10 (VIOLATED)
_6953_/X                                 10     20    -10 (VIOLATED)
_6958_/X                                 10     20    -10 (VIOLATED)
_6960_/X                                 10     20    -10 (VIOLATED)
_6975_/X                                 10     20    -10 (VIOLATED)
_7185_/X                                 10     20    -10 (VIOLATED)
_7286_/X                                 10     20    -10 (VIOLATED)
_7289_/X                                 10     20    -10 (VIOLATED)
_7307_/X                                 10     20    -10 (VIOLATED)
_7360_/X                                 10     20    -10 (VIOLATED)
_7404_/X                                 10     20    -10 (VIOLATED)
_7415_/X                                 10     20    -10 (VIOLATED)
_7426_/X                                 10     20    -10 (VIOLATED)
_7437_/X                                 10     20    -10 (VIOLATED)
_8660_/Q                                 10     20    -10 (VIOLATED)
clkbuf_3_5_0_wb_clk_i/X                  10     20    -10 (VIOLATED)
clkbuf_3_6_0_wb_clk_i/X                  10     20    -10 (VIOLATED)
clkbuf_leaf_0_wb_clk_i/X                 10     19     -9 (VIOLATED)
clkbuf_leaf_31_wb_clk_i/X                10     19     -9 (VIOLATED)
clkbuf_leaf_74_wb_clk_i/X                10     19     -9 (VIOLATED)
_3976_/Y                                 10     18     -8 (VIOLATED)
_4137_/X                                 10     18     -8 (VIOLATED)
_4607_/X                                 10     18     -8 (VIOLATED)
_4802_/X                                 10     18     -8 (VIOLATED)
_6689_/X                                 10     18     -8 (VIOLATED)
_7312_/X                                 10     18     -8 (VIOLATED)
_7794_/Q                                 10     18     -8 (VIOLATED)
clkbuf_3_7_0_wb_clk_i/X                  10     18     -8 (VIOLATED)
clkbuf_leaf_27_wb_clk_i/X                10     18     -8 (VIOLATED)
clkbuf_leaf_28_wb_clk_i/X                10     18     -8 (VIOLATED)
clkbuf_leaf_49_wb_clk_i/X                10     18     -8 (VIOLATED)
clkbuf_leaf_82_wb_clk_i/X                10     18     -8 (VIOLATED)
clkbuf_leaf_54_wb_clk_i/X                10     17     -7 (VIOLATED)
clkbuf_leaf_68_wb_clk_i/X                10     17     -7 (VIOLATED)
clkbuf_leaf_73_wb_clk_i/X                10     17     -7 (VIOLATED)
clkbuf_leaf_83_wb_clk_i/X                10     17     -7 (VIOLATED)
_3933_/X                                 10     16     -6 (VIOLATED)
_3983_/X                                 10     16     -6 (VIOLATED)
_4292_/Y                                 10     16     -6 (VIOLATED)
_4312_/Y                                 10     16     -6 (VIOLATED)
_4407_/X                                 10     16     -6 (VIOLATED)
_4411_/Y                                 10     16     -6 (VIOLATED)
_4475_/Y                                 10     16     -6 (VIOLATED)
_4494_/Y                                 10     16     -6 (VIOLATED)
_4512_/Y                                 10     16     -6 (VIOLATED)
_4534_/X                                 10     16     -6 (VIOLATED)
_4540_/Y                                 10     16     -6 (VIOLATED)
_4541_/Y                                 10     16     -6 (VIOLATED)
_4548_/X                                 10     16     -6 (VIOLATED)
_4556_/X                                 10     16     -6 (VIOLATED)
_4563_/X                                 10     16     -6 (VIOLATED)
_4571_/X                                 10     16     -6 (VIOLATED)
_4579_/X                                 10     16     -6 (VIOLATED)
_4587_/X                                 10     16     -6 (VIOLATED)
_4602_/X                                 10     16     -6 (VIOLATED)
_4721_/Y                                 10     16     -6 (VIOLATED)
_4742_/X                                 10     16     -6 (VIOLATED)
_4760_/X                                 10     16     -6 (VIOLATED)
_4778_/X                                 10     16     -6 (VIOLATED)
_5086_/Y                                 10     16     -6 (VIOLATED)
_5137_/X                                 10     16     -6 (VIOLATED)
_5155_/X                                 10     16     -6 (VIOLATED)
_5294_/X                                 10     16     -6 (VIOLATED)
_5302_/X                                 10     16     -6 (VIOLATED)
_5305_/X                                 10     16     -6 (VIOLATED)
_5308_/X                                 10     16     -6 (VIOLATED)
_5314_/X                                 10     16     -6 (VIOLATED)
_5317_/X                                 10     16     -6 (VIOLATED)
_5320_/X                                 10     16     -6 (VIOLATED)
_5323_/X                                 10     16     -6 (VIOLATED)
_5359_/X                                 10     16     -6 (VIOLATED)
_5362_/X                                 10     16     -6 (VIOLATED)
_5366_/X                                 10     16     -6 (VIOLATED)
_5369_/X                                 10     16     -6 (VIOLATED)
_5372_/X                                 10     16     -6 (VIOLATED)
_5375_/X                                 10     16     -6 (VIOLATED)
_5378_/X                                 10     16     -6 (VIOLATED)
_5381_/X                                 10     16     -6 (VIOLATED)
_5384_/X                                 10     16     -6 (VIOLATED)
_5387_/X                                 10     16     -6 (VIOLATED)
_5391_/X                                 10     16     -6 (VIOLATED)
_5394_/X                                 10     16     -6 (VIOLATED)
_5415_/X                                 10     16     -6 (VIOLATED)
_5422_/X                                 10     16     -6 (VIOLATED)
_5426_/X                                 10     16     -6 (VIOLATED)
_5429_/X                                 10     16     -6 (VIOLATED)
_5433_/X                                 10     16     -6 (VIOLATED)
_5436_/X                                 10     16     -6 (VIOLATED)
_5439_/X                                 10     16     -6 (VIOLATED)
_5442_/X                                 10     16     -6 (VIOLATED)
_5451_/X                                 10     16     -6 (VIOLATED)
_5454_/X                                 10     16     -6 (VIOLATED)
_5457_/X                                 10     16     -6 (VIOLATED)
_5460_/X                                 10     16     -6 (VIOLATED)
_6134_/X                                 10     16     -6 (VIOLATED)
_6283_/Y                                 10     16     -6 (VIOLATED)
_6303_/X                                 10     16     -6 (VIOLATED)
_6321_/X                                 10     16     -6 (VIOLATED)
_6340_/Y                                 10     16     -6 (VIOLATED)
_6408_/Y                                 10     16     -6 (VIOLATED)
_6435_/Y                                 10     16     -6 (VIOLATED)
_6452_/Y                                 10     16     -6 (VIOLATED)
_6484_/Y                                 10     16     -6 (VIOLATED)
_6503_/X                                 10     16     -6 (VIOLATED)
_6520_/Y                                 10     16     -6 (VIOLATED)
_6552_/Y                                 10     16     -6 (VIOLATED)
_6571_/X                                 10     16     -6 (VIOLATED)
_6640_/Y                                 10     16     -6 (VIOLATED)
_6660_/X                                 10     16     -6 (VIOLATED)
_6690_/X                                 10     16     -6 (VIOLATED)
_6695_/X                                 10     16     -6 (VIOLATED)
_6711_/X                                 10     16     -6 (VIOLATED)
_7104_/Y                                 10     16     -6 (VIOLATED)
_7121_/Y                                 10     16     -6 (VIOLATED)
_7139_/X                                 10     16     -6 (VIOLATED)
_8590_/Q                                 10     16     -6 (VIOLATED)
_8742_/Q                                 10     16     -6 (VIOLATED)
clkbuf_leaf_51_wb_clk_i/X                10     16     -6 (VIOLATED)
clkbuf_leaf_62_wb_clk_i/X                10     16     -6 (VIOLATED)
fanout181/X                              10     16     -6 (VIOLATED)
fanout193/X                              10     16     -6 (VIOLATED)
clkbuf_leaf_38_wb_clk_i/X                10     15     -5 (VIOLATED)
clkbuf_leaf_76_wb_clk_i/X                10     15     -5 (VIOLATED)
clkbuf_leaf_84_wb_clk_i/X                10     15     -5 (VIOLATED)
clkbuf_leaf_8_wb_clk_i/X                 10     15     -5 (VIOLATED)
_3737_/X                                 10     14     -4 (VIOLATED)
_3982_/Y                                 10     14     -4 (VIOLATED)
_4131_/X                                 10     14     -4 (VIOLATED)
_4401_/X                                 10     14     -4 (VIOLATED)
_4418_/X                                 10     14     -4 (VIOLATED)
_4428_/X                                 10     14     -4 (VIOLATED)
_4436_/X                                 10     14     -4 (VIOLATED)
_4444_/X                                 10     14     -4 (VIOLATED)
_4452_/X                                 10     14     -4 (VIOLATED)
_4461_/X                                 10     14     -4 (VIOLATED)
_4470_/X                                 10     14     -4 (VIOLATED)
_5298_/X                                 10     14     -4 (VIOLATED)
_5466_/X                                 10     14     -4 (VIOLATED)
_5577_/X                                 10     14     -4 (VIOLATED)
_5689_/X                                 10     14     -4 (VIOLATED)
_5800_/X                                 10     14     -4 (VIOLATED)
_5911_/X                                 10     14     -4 (VIOLATED)
_6021_/Y                                 10     14     -4 (VIOLATED)
_6172_/Y                                 10     14     -4 (VIOLATED)
_7285_/X                                 10     14     -4 (VIOLATED)
_7355_/X                                 10     14     -4 (VIOLATED)
_8433_/Q                                 10     14     -4 (VIOLATED)
clkbuf_leaf_32_wb_clk_i/X                10     14     -4 (VIOLATED)
clkbuf_leaf_36_wb_clk_i/X                10     14     -4 (VIOLATED)
clkbuf_leaf_37_wb_clk_i/X                10     14     -4 (VIOLATED)
clkbuf_leaf_43_wb_clk_i/X                10     14     -4 (VIOLATED)
clkbuf_leaf_4_wb_clk_i/X                 10     14     -4 (VIOLATED)
clkbuf_leaf_50_wb_clk_i/X                10     14     -4 (VIOLATED)
clkbuf_leaf_79_wb_clk_i/X                10     14     -4 (VIOLATED)
clkbuf_leaf_85_wb_clk_i/X                10     14     -4 (VIOLATED)
clkbuf_leaf_87_wb_clk_i/X                10     14     -4 (VIOLATED)
fanout115/X                              10     14     -4 (VIOLATED)
fanout118/X                              10     14     -4 (VIOLATED)
fanout205/X                              10     14     -4 (VIOLATED)
clkbuf_leaf_10_wb_clk_i/X                10     13     -3 (VIOLATED)
clkbuf_leaf_13_wb_clk_i/X                10     13     -3 (VIOLATED)
clkbuf_leaf_19_wb_clk_i/X                10     13     -3 (VIOLATED)
clkbuf_leaf_24_wb_clk_i/X                10     13     -3 (VIOLATED)
clkbuf_leaf_3_wb_clk_i/X                 10     13     -3 (VIOLATED)
clkbuf_leaf_61_wb_clk_i/X                10     13     -3 (VIOLATED)
clkbuf_leaf_66_wb_clk_i/X                10     13     -3 (VIOLATED)
clkbuf_leaf_67_wb_clk_i/X                10     13     -3 (VIOLATED)
clkbuf_leaf_6_wb_clk_i/X                 10     13     -3 (VIOLATED)
_3939_/Y                                 10     12     -2 (VIOLATED)
_3977_/Y                                 10     12     -2 (VIOLATED)
_4284_/X                                 10     12     -2 (VIOLATED)
_4328_/X                                 10     12     -2 (VIOLATED)
_4340_/X                                 10     12     -2 (VIOLATED)
_4359_/X                                 10     12     -2 (VIOLATED)
_4368_/X                                 10     12     -2 (VIOLATED)
_4377_/X                                 10     12     -2 (VIOLATED)
_4389_/X                                 10     12     -2 (VIOLATED)
_6348_/X                                 10     12     -2 (VIOLATED)
_6357_/X                                 10     12     -2 (VIOLATED)
_6366_/X                                 10     12     -2 (VIOLATED)
_6375_/X                                 10     12     -2 (VIOLATED)
_6383_/X                                 10     12     -2 (VIOLATED)
_6392_/X                                 10     12     -2 (VIOLATED)
_6401_/X                                 10     12     -2 (VIOLATED)
_6590_/X                                 10     12     -2 (VIOLATED)
_6594_/X                                 10     12     -2 (VIOLATED)
_7812_/Q                                 10     12     -2 (VIOLATED)
_8689_/Q                                 10     12     -2 (VIOLATED)
_8690_/Q                                 10     12     -2 (VIOLATED)
_8691_/Q                                 10     12     -2 (VIOLATED)
clkbuf_leaf_12_wb_clk_i/X                10     12     -2 (VIOLATED)
clkbuf_leaf_15_wb_clk_i/X                10     12     -2 (VIOLATED)
clkbuf_leaf_16_wb_clk_i/X                10     12     -2 (VIOLATED)
clkbuf_leaf_18_wb_clk_i/X                10     12     -2 (VIOLATED)
clkbuf_leaf_1_wb_clk_i/X                 10     12     -2 (VIOLATED)
clkbuf_leaf_21_wb_clk_i/X                10     12     -2 (VIOLATED)
clkbuf_leaf_29_wb_clk_i/X                10     12     -2 (VIOLATED)
clkbuf_leaf_30_wb_clk_i/X                10     12     -2 (VIOLATED)
clkbuf_leaf_33_wb_clk_i/X                10     12     -2 (VIOLATED)
clkbuf_leaf_34_wb_clk_i/X                10     12     -2 (VIOLATED)
clkbuf_leaf_44_wb_clk_i/X                10     12     -2 (VIOLATED)
clkbuf_leaf_48_wb_clk_i/X                10     12     -2 (VIOLATED)
clkbuf_leaf_52_wb_clk_i/X                10     12     -2 (VIOLATED)
clkbuf_leaf_56_wb_clk_i/X                10     12     -2 (VIOLATED)
clkbuf_leaf_57_wb_clk_i/X                10     12     -2 (VIOLATED)
clkbuf_leaf_59_wb_clk_i/X                10     12     -2 (VIOLATED)
clkbuf_leaf_5_wb_clk_i/X                 10     12     -2 (VIOLATED)
clkbuf_leaf_60_wb_clk_i/X                10     12     -2 (VIOLATED)
clkbuf_leaf_65_wb_clk_i/X                10     12     -2 (VIOLATED)
clkbuf_leaf_71_wb_clk_i/X                10     12     -2 (VIOLATED)
clkbuf_leaf_7_wb_clk_i/X                 10     12     -2 (VIOLATED)
clkbuf_leaf_80_wb_clk_i/X                10     12     -2 (VIOLATED)
clkbuf_leaf_9_wb_clk_i/X                 10     12     -2 (VIOLATED)
fanout121/X                              10     12     -2 (VIOLATED)
fanout125/X                              10     12     -2 (VIOLATED)
fanout138/X                              10     12     -2 (VIOLATED)
fanout160/X                              10     12     -2 (VIOLATED)
fanout169/X                              10     12     -2 (VIOLATED)
clkbuf_leaf_14_wb_clk_i/X                10     11        (VIOLATED)
clkbuf_leaf_23_wb_clk_i/X                10     11        (VIOLATED)
clkbuf_leaf_35_wb_clk_i/X                10     11        (VIOLATED)
clkbuf_leaf_40_wb_clk_i/X                10     11        (VIOLATED)
clkbuf_leaf_41_wb_clk_i/X                10     11        (VIOLATED)
clkbuf_leaf_58_wb_clk_i/X                10     11        (VIOLATED)
clkbuf_leaf_77_wb_clk_i/X                10     11        (VIOLATED)
clkbuf_leaf_86_wb_clk_i/X                10     11        (VIOLATED)

max capacitance

Pin                                    Limit     Cap   Slack
------------------------------------------------------------
input74/X                               0.13    0.14   -0.01 (VIOLATED)
input64/X                               0.13    0.14   -0.01 (VIOLATED)
input65/X                               0.13    0.14   -0.01 (VIOLATED)
input34/X                               0.13    0.13   -0.00 (VIOLATED)
input39/X                               0.13    0.13   -0.00 (VIOLATED)
input3/X                                0.13    0.13   -0.00 (VIOLATED)
_6172_/Y                                0.11    0.11   -0.00 (VIOLATED)
input38/X                               0.13    0.13   -0.00 (VIOLATED)


===========================================================================
max slew violation count 22
max fanout violation count 393
max cap violation count 8
============================================================================
